agel-kernel-contract v1.1.0 corpus=118 steps
probe/nop: nop(cap=0 0x0 0x0 0x0 0x0) -> ok 0x100010000 0x0 0x0 0x0
probe/nop-rejects-a-capability: nop(cap=1 0x0 0x0 0x0 0x0) -> invalid-argument 0x0 0x0 0x0 0x0
boot/info: boot.info(cap=0 0x0 0x0 0x0 0x0) -> ok 0x100010000 0x20 0x4 0x1f
boot/info-rejects-a-capability: boot.info(cap=1 0x0 0x0 0x0 0x0) -> invalid-argument 0x0 0x0 0x0 0x0
profile/pd-create: pd.create(cap=0 0x0 0x0 0x0 0x0) -> invalid-operation 0x0 0x0 0x0 0x0
profile/pd-reap: pd.reap(cap=0 0x0 0x0 0x0 0x0) -> invalid-operation 0x0 0x0 0x0 0x0
profile/as-map: as.map(cap=0 0x0 0x0 0x0 0x0) -> invalid-operation 0x0 0x0 0x0 0x0
profile/thread-configure: thread.configure(cap=0 0x0 0x0 0x0 0x0) -> invalid-operation 0x0 0x0 0x0 0x0
profile/frame-allocate: frame.allocate(cap=4 0x0 0x0 0x0 0x0) -> invalid-operation 0x0 0x0 0x0 0x0
profile/irq-bind: irq.bind(cap=0 0x0 0x0 0x0 0x0) -> invalid-operation 0x0 0x0 0x0 0x0
profile/sched-budget: sched.budget(cap=0 0x0 0x0 0x0 0x0) -> invalid-operation 0x0 0x0 0x0 0x0
profile/clock-deadline: clock.deadline(cap=5 0x0 0x0 0x0 0x0) -> invalid-operation 0x0 0x0 0x0 0x0
capability/empty-slot: endpoint.send(cap=7 0x0 0x0 0x0 0x0) -> invalid-capability 0x0 0x0 0x0 0x0
capability/out-of-range: endpoint.send(cap=4096 0x0 0x0 0x0 0x0) -> invalid-capability 0x0 0x0 0x0 0x0
capability/null-slot: endpoint.send(cap=0 0x0 0x0 0x0 0x0) -> invalid-capability 0x0 0x0 0x0 0x0
type/notification-op-on-endpoint: notification.signal(cap=2 0x0 0x0 0x0 0x0) -> wrong-object-type 0x0 0x0 0x0 0x0
type/endpoint-op-on-clock: endpoint.send(cap=5 0x0 0x1 0x0 0x0) -> wrong-object-type 0x0 0x0 0x0 0x0
type/derivation-requires-the-cnode: cap.copy(cap=2 0x2 0x8 0x0 0x0) -> wrong-object-type 0x0 0x0 0x0 0x0
argument/reserved-receive-word: endpoint.receive(cap=2 0x0 0x0 0x0 0x1) -> invalid-argument 0x0 0x0 0x0 0x0
argument/reserved-send-flags: endpoint.send(cap=2 0x1 0x0 0x0 0x0) -> invalid-argument 0x0 0x0 0x0 0x0
argument/undefined-rights-bit: cap.mint(cap=1 0x4 0x7 0x80000000 0x0) -> invalid-argument 0x0 0x0 0x0 0x0
derive/mint-cannot-widen: cap.mint(cap=1 0x4 0x7 0x7f 0x0) -> insufficient-rights 0x0 0x0 0x0 0x0
derive/mint-narrows: cap.mint(cap=1 0x4 0x7 0x1 0x0) -> ok 0x7 0x0 0x0 0x0
derive/copy-preserves-rights: cap.copy(cap=1 0x2 0x8 0x0 0x0) -> ok 0x8 0x0 0x0 0x0
derive/copy-rejects-an-occupied-slot: cap.copy(cap=1 0x2 0x8 0x0 0x0) -> already-exists 0x0 0x0 0x0 0x0
derive/mint-receive-only: cap.mint(cap=1 0x2 0x9 0x10 0x0) -> ok 0x9 0x0 0x0 0x0
rights/send-without-send-right: endpoint.send(cap=9 0x0 0x1 0x0 0x0) -> insufficient-rights 0x0 0x0 0x0 0x0
rights/receive-with-receive-right: endpoint.receive(cap=9 0x0 0x0 0x0 0x0) -> would-block 0x0 0x0 0x0 0x0
move/frame-to-a-free-slot: cap.move(cap=1 0x7 0xe 0x0 0x0) -> ok 0x7 0x0 0x0 0x0
move/source-is-now-empty: cap.attenuate(cap=1 0x7 0x1 0x0 0x0) -> invalid-capability 0x0 0x0 0x0 0x0
move/destination-is-live: cap.attenuate(cap=1 0xe 0x1 0x0 0x0) -> ok 0x1 0x0 0x0 0x0
move/onto-itself-is-refused: cap.move(cap=1 0xe 0xe 0x0 0x0) -> already-exists 0x0 0x0 0x0 0x0
move/onto-an-occupied-slot-is-refused: cap.move(cap=1 0xe 0x2 0x0 0x0) -> already-exists 0x0 0x0 0x0 0x0
attenuate/cannot-widen: cap.attenuate(cap=1 0xe 0x7f 0x0 0x0) -> insufficient-rights 0x0 0x0 0x0 0x0
attenuate/to-powerless: cap.attenuate(cap=1 0xe 0x0 0x0 0x0) -> ok 0x0 0x0 0x0 0x0
attenuate/powerless-stays-powerless: cap.attenuate(cap=1 0xe 0x1 0x0 0x0) -> insufficient-rights 0x0 0x0 0x0 0x0
endpoint/receive-when-empty: endpoint.receive(cap=2 0x0 0x0 0x0 0x0) -> would-block 0x0 0x0 0x0 0x0
endpoint/send-1: endpoint.send(cap=2 0x0 0x1 0x0 0x0) -> ok 0x1 0x0 0x0 0x0
endpoint/send-2: endpoint.send(cap=2 0x0 0x2 0x0 0x0) -> ok 0x2 0x0 0x0 0x0
endpoint/send-3: endpoint.send(cap=2 0x0 0x3 0x0 0x0) -> ok 0x3 0x0 0x0 0x0
endpoint/send-4: endpoint.send(cap=2 0x0 0x4 0x0 0x0) -> ok 0x4 0x0 0x0 0x0
endpoint/send-5-is-backpressure: endpoint.send(cap=2 0x0 0x5 0x0 0x0) -> queue-full 0x0 0x0 0x0 0x0
endpoint/receive-1: endpoint.receive(cap=2 0x0 0x0 0x0 0x0) -> ok 0x0 0x1 0x0 0x0
endpoint/receive-2: endpoint.receive(cap=2 0x0 0x0 0x0 0x0) -> ok 0x0 0x2 0x0 0x0
endpoint/receive-3: endpoint.receive(cap=2 0x0 0x0 0x0 0x0) -> ok 0x0 0x3 0x0 0x0
endpoint/receive-4: endpoint.receive(cap=2 0x0 0x0 0x0 0x0) -> ok 0x0 0x4 0x0 0x0
endpoint/receive-when-drained: endpoint.receive(cap=2 0x0 0x0 0x0 0x0) -> would-block 0x0 0x0 0x0 0x0
endpoint/mint-badged-sender: cap.mint(cap=1 0x2 0xa 0x8 0x5eed) -> ok 0xa 0x0 0x0 0x0
endpoint/send-through-badge: endpoint.send(cap=10 0x0 0x7 0x8 0x9) -> ok 0x1 0x0 0x0 0x0
endpoint/receive-carries-the-badge: endpoint.receive(cap=2 0x0 0x0 0x0 0x0) -> ok 0x5eed 0x7 0x8 0x9
endpoint/attenuate-the-badged-sender: cap.attenuate(cap=1 0xa 0x0 0x0 0x0) -> ok 0x0 0x0 0x0 0x0
endpoint/badged-sender-is-now-powerless: endpoint.send(cap=10 0x0 0x7 0x0 0x0) -> insufficient-rights 0x0 0x0 0x0 0x0
endpoint/call-without-a-server: endpoint.call(cap=2 0x0 0x0 0x0 0x0) -> would-block 0x0 0x0 0x0 0x0
endpoint/reply-without-a-call: endpoint.reply(cap=2 0x0 0x0 0x0 0x0) -> not-found 0x0 0x0 0x0 0x0
notification/poll-when-idle: notification.poll(cap=3 0x0 0x0 0x0 0x0) -> ok 0x0 0x0 0x0 0x0
notification/wait-when-idle: notification.wait(cap=3 0x0 0x0 0x0 0x0) -> would-block 0x0 0x0 0x0 0x0
notification/mint-badged-signaller: cap.mint(cap=1 0x3 0xb 0x8 0x8) -> ok 0xb 0x0 0x0 0x0
notification/signal-base: notification.signal(cap=3 0x0 0x0 0x0 0x0) -> ok 0x0 0x0 0x0 0x0
notification/signal-badged: notification.signal(cap=11 0x0 0x0 0x0 0x0) -> ok 0x0 0x0 0x0 0x0
notification/signal-base-again: notification.signal(cap=3 0x0 0x0 0x0 0x0) -> ok 0x0 0x0 0x0 0x0
notification/three-signals-one-delivery: notification.poll(cap=3 0x0 0x0 0x0 0x0) -> ok 0x1 0x9 0x0 0x0
notification/poll-after-delivery: notification.poll(cap=3 0x0 0x0 0x0 0x0) -> ok 0x0 0x0 0x0 0x0
revoke/notification-descendants: cap.revoke(cap=1 0x3 0x0 0x0 0x0) -> ok 0x1 0x0 0x0 0x0
revoke/descendant-fails-closed: notification.signal(cap=11 0x0 0x0 0x0 0x0) -> revoked 0x0 0x0 0x0 0x0
revoke/the-revoked-capability-survives: notification.signal(cap=3 0x0 0x0 0x0 0x0) -> ok 0x0 0x0 0x0 0x0
revoke/build-a-chain-parent: cap.mint(cap=1 0x2 0xc 0x8 0x1) -> ok 0xc 0x0 0x0 0x0
revoke/build-a-chain-child: cap.mint(cap=1 0xc 0xd 0x8 0x1) -> ok 0xd 0x0 0x0 0x0
revoke/endpoint-descendants-transitively: cap.revoke(cap=1 0x2 0x0 0x0 0x0) -> ok 0x5 0x0 0x0 0x0
revoke/grandchild-fails-closed: endpoint.send(cap=13 0x0 0x1 0x0 0x0) -> revoked 0x0 0x0 0x0 0x0
revoke/plain-copy-fails-closed: endpoint.send(cap=8 0x0 0x1 0x0 0x0) -> revoked 0x0 0x0 0x0 0x0
revoke/the-revoked-endpoint-survives: endpoint.send(cap=2 0x0 0x1 0x0 0x0) -> ok 0x1 0x0 0x0 0x0
revoke/a-tombstoned-slot-can-be-refilled: cap.copy(cap=1 0x2 0x8 0x0 0x0) -> ok 0xe 0x0 0x0 0x0
clock/first-read: clock.monotonic-now(cap=5 0x0 0x0 0x0 0x0) -> ok 0x0 0x0 0x0 0x0
clock/second-read: clock.monotonic-now(cap=5 0x0 0x0 0x0 0x0) -> ok 0x1 0x0 0x0 0x0
clock/third-read: clock.monotonic-now(cap=5 0x0 0x0 0x0 0x0) -> ok 0x2 0x0 0x0 0x0
clock/mint-without-read: cap.mint(cap=1 0x5 0xf 0x0 0x0) -> ok 0xf 0x0 0x0 0x0
clock/powerless-handle-cannot-read: clock.monotonic-now(cap=15 0x0 0x0 0x0 0x0) -> insufficient-rights 0x0 0x0 0x0 0x0
memory/query-unmapped: as.query(cap=6 0x0 0x0 0x0 0x0) -> invalid-operation 0x0 0x0 0x0 0x0
memory/unmap-unmapped: as.unmap(cap=6 0x0 0x0 0x0 0x0) -> invalid-operation 0x0 0x0 0x0 0x0
memory/map-outside-the-window: frame.map(cap=4 0x8 0x3 0x0 0x0) -> invalid-operation 0x0 0x0 0x0 0x0
memory/map-with-no-rights: frame.map(cap=4 0x0 0x0 0x0 0x0) -> invalid-operation 0x0 0x0 0x0 0x0
memory/map-cannot-widen: frame.map(cap=4 0x0 0x7 0x0 0x0) -> invalid-operation 0x0 0x0 0x0 0x0
memory/map-the-domain-frame: frame.map(cap=4 0x0 0x3 0x0 0x0) -> invalid-operation 0x0 0x0 0x0 0x0
memory/map-an-occupied-page: frame.map(cap=4 0x0 0x1 0x0 0x0) -> invalid-operation 0x0 0x0 0x0 0x0
memory/query-the-mapping: as.query(cap=6 0x0 0x0 0x0 0x0) -> invalid-operation 0x0 0x0 0x0 0x0
memory/protect-cannot-widen: as.protect(cap=6 0x0 0x7 0x0 0x0) -> invalid-operation 0x0 0x0 0x0 0x0
memory/protect-to-read-only: as.protect(cap=6 0x0 0x1 0x0 0x0) -> invalid-operation 0x0 0x0 0x0 0x0
memory/query-shows-read-only: as.query(cap=6 0x0 0x0 0x0 0x0) -> invalid-operation 0x0 0x0 0x0 0x0
memory/allocate-requires-the-cnode: frame.allocate(cap=4 0x10 0x3 0x0 0x0) -> invalid-operation 0x0 0x0 0x0 0x0
memory/allocate-with-an-undefined-right: frame.allocate(cap=1 0x10 0x8 0x0 0x0) -> invalid-operation 0x0 0x0 0x0 0x0
memory/allocate-1: frame.allocate(cap=1 0x10 0x23 0x0 0x0) -> invalid-operation 0x0 0x0 0x0 0x0
memory/allocate-2: frame.allocate(cap=1 0x12 0x3 0x0 0x0) -> invalid-operation 0x0 0x0 0x0 0x0
memory/allocate-3: frame.allocate(cap=1 0x13 0x1 0x0 0x0) -> invalid-operation 0x0 0x0 0x0 0x0
memory/allocate-4: frame.allocate(cap=1 0x14 0x7 0x0 0x0) -> invalid-operation 0x0 0x0 0x0 0x0
memory/map-writable-and-executable-is-not-permitted: frame.map(cap=20 0x3 0x7 0x0 0x0) -> invalid-operation 0x0 0x0 0x0 0x0
memory/map-executable-only: frame.map(cap=20 0x3 0x4 0x0 0x0) -> invalid-operation 0x0 0x0 0x0 0x0
memory/allocate-5-exhausts-the-budget: frame.allocate(cap=1 0x15 0x1 0x0 0x0) -> invalid-operation 0x0 0x0 0x0 0x0
memory/share-requires-grant: frame.share(cap=4 0x11 0x1 0x0 0x0) -> invalid-operation 0x0 0x0 0x0 0x0
memory/share-cannot-widen: frame.share(cap=16 0x11 0x7 0x0 0x0) -> invalid-operation 0x0 0x0 0x0 0x0
memory/share-narrows: frame.share(cap=16 0x11 0x1 0x7 0x0) -> invalid-operation 0x0 0x0 0x0 0x0
memory/map-the-shared-frame-read-only: frame.map(cap=17 0x1 0x1 0x0 0x0) -> invalid-operation 0x0 0x0 0x0 0x0
memory/the-shared-frame-cannot-be-mapped-writable: frame.map(cap=17 0x2 0x2 0x0 0x0) -> invalid-operation 0x0 0x0 0x0 0x0
memory/as-map-frame-2: as.map(cap=6 0x12 0x2 0x3 0x0) -> invalid-operation 0x0 0x0 0x0 0x0
memory/as-map-something-that-is-not-a-frame: as.map(cap=6 0x2 0x3 0x1 0x0) -> invalid-operation 0x0 0x0 0x0 0x0
memory/as-map-requires-an-address-space: as.map(cap=4 0x12 0x3 0x1 0x0) -> invalid-operation 0x0 0x0 0x0 0x0
memory/unmap-page-2: as.unmap(cap=6 0x2 0x0 0x0 0x0) -> invalid-operation 0x0 0x0 0x0 0x0
memory/unmap-page-2-again: as.unmap(cap=6 0x2 0x0 0x0 0x0) -> invalid-operation 0x0 0x0 0x0 0x0
memory/reclaim-through-a-shared-handle-is-not-permitted: frame.reclaim(cap=17 0x0 0x0 0x0 0x0) -> invalid-operation 0x0 0x0 0x0 0x0
memory/reclaim-the-domain-frame-is-not-permitted: frame.reclaim(cap=4 0x0 0x0 0x0 0x0) -> invalid-operation 0x0 0x0 0x0 0x0
memory/reclaim-frame-1: frame.reclaim(cap=16 0x0 0x0 0x0 0x0) -> invalid-operation 0x0 0x0 0x0 0x0
memory/the-shared-handle-fails-closed: frame.map(cap=17 0x3 0x1 0x0 0x0) -> invalid-operation 0x0 0x0 0x0 0x0
memory/query-page-1-after-reclaim: as.query(cap=6 0x1 0x0 0x0 0x0) -> invalid-operation 0x0 0x0 0x0 0x0
memory/allocate-after-reclaim: frame.allocate(cap=1 0x15 0x1 0x0 0x0) -> invalid-operation 0x0 0x0 0x0 0x0
memory/the-budget-is-full-again: frame.allocate(cap=1 0x10 0x1 0x0 0x0) -> invalid-operation 0x0 0x0 0x0 0x0
cnode/attenuate-itself: cap.attenuate(cap=1 0x1 0x0 0x0 0x0) -> ok 0x0 0x0 0x0 0x0
cnode/derivation-is-now-denied: cap.copy(cap=1 0x2 0x14 0x0 0x0) -> insufficient-rights 0x0 0x0 0x0 0x0
cnode/there-is-no-way-back: cap.attenuate(cap=1 0x1 0x40 0x0 0x0) -> insufficient-rights 0x0 0x0 0x0 0x0
cnode/revocation-is-now-denied: cap.revoke(cap=1 0x2 0x0 0x0 0x0) -> insufficient-rights 0x0 0x0 0x0 0x0
